Archive member included to satisfy reference by file (symbol)

c:/st/stm32cubeide_1.10.1/stm32cubeide/plugins/com.st.stm32cube.ide.mcu.externaltools.gnu-tools-for-stm32.10.3-2021.10.win32_1.0.0.202111181127/tools/bin/../lib/gcc/arm-none-eabi/10.3.1/../../../../arm-none-eabi/lib/thumb/v7-m/nofp\libc_nano.a(lib_a-errno.o)
                              ./Core/Src/syscalls.o (__errno)
c:/st/stm32cubeide_1.10.1/stm32cubeide/plugins/com.st.stm32cube.ide.mcu.externaltools.gnu-tools-for-stm32.10.3-2021.10.win32_1.0.0.202111181127/tools/bin/../lib/gcc/arm-none-eabi/10.3.1/../../../../arm-none-eabi/lib/thumb/v7-m/nofp\libc_nano.a(lib_a-exit.o)
                              c:/st/stm32cubeide_1.10.1/stm32cubeide/plugins/com.st.stm32cube.ide.mcu.externaltools.gnu-tools-for-stm32.10.3-2021.10.win32_1.0.0.202111181127/tools/bin/../lib/gcc/arm-none-eabi/10.3.1/../../../../arm-none-eabi/lib/thumb/v7-m/nofp/crt0.o (exit)
c:/st/stm32cubeide_1.10.1/stm32cubeide/plugins/com.st.stm32cube.ide.mcu.externaltools.gnu-tools-for-stm32.10.3-2021.10.win32_1.0.0.202111181127/tools/bin/../lib/gcc/arm-none-eabi/10.3.1/../../../../arm-none-eabi/lib/thumb/v7-m/nofp\libc_nano.a(lib_a-impure.o)
                              c:/st/stm32cubeide_1.10.1/stm32cubeide/plugins/com.st.stm32cube.ide.mcu.externaltools.gnu-tools-for-stm32.10.3-2021.10.win32_1.0.0.202111181127/tools/bin/../lib/gcc/arm-none-eabi/10.3.1/../../../../arm-none-eabi/lib/thumb/v7-m/nofp\libc_nano.a(lib_a-exit.o) (_global_impure_ptr)
c:/st/stm32cubeide_1.10.1/stm32cubeide/plugins/com.st.stm32cube.ide.mcu.externaltools.gnu-tools-for-stm32.10.3-2021.10.win32_1.0.0.202111181127/tools/bin/../lib/gcc/arm-none-eabi/10.3.1/../../../../arm-none-eabi/lib/thumb/v7-m/nofp\libc_nano.a(lib_a-init.o)
                              c:/st/stm32cubeide_1.10.1/stm32cubeide/plugins/com.st.stm32cube.ide.mcu.externaltools.gnu-tools-for-stm32.10.3-2021.10.win32_1.0.0.202111181127/tools/bin/../lib/gcc/arm-none-eabi/10.3.1/../../../../arm-none-eabi/lib/thumb/v7-m/nofp/crt0.o (__libc_init_array)
c:/st/stm32cubeide_1.10.1/stm32cubeide/plugins/com.st.stm32cube.ide.mcu.externaltools.gnu-tools-for-stm32.10.3-2021.10.win32_1.0.0.202111181127/tools/bin/../lib/gcc/arm-none-eabi/10.3.1/../../../../arm-none-eabi/lib/thumb/v7-m/nofp\libc_nano.a(lib_a-memset.o)
                              c:/st/stm32cubeide_1.10.1/stm32cubeide/plugins/com.st.stm32cube.ide.mcu.externaltools.gnu-tools-for-stm32.10.3-2021.10.win32_1.0.0.202111181127/tools/bin/../lib/gcc/arm-none-eabi/10.3.1/../../../../arm-none-eabi/lib/thumb/v7-m/nofp/crt0.o (memset)

Discarded input sections

 .text          0x0000000000000000        0x0 c:/st/stm32cubeide_1.10.1/stm32cubeide/plugins/com.st.stm32cube.ide.mcu.externaltools.gnu-tools-for-stm32.10.3-2021.10.win32_1.0.0.202111181127/tools/bin/../lib/gcc/arm-none-eabi/10.3.1/thumb/v7-m/nofp/crti.o
 .data          0x0000000000000000        0x0 c:/st/stm32cubeide_1.10.1/stm32cubeide/plugins/com.st.stm32cube.ide.mcu.externaltools.gnu-tools-for-stm32.10.3-2021.10.win32_1.0.0.202111181127/tools/bin/../lib/gcc/arm-none-eabi/10.3.1/thumb/v7-m/nofp/crti.o
 .bss           0x0000000000000000        0x0 c:/st/stm32cubeide_1.10.1/stm32cubeide/plugins/com.st.stm32cube.ide.mcu.externaltools.gnu-tools-for-stm32.10.3-2021.10.win32_1.0.0.202111181127/tools/bin/../lib/gcc/arm-none-eabi/10.3.1/thumb/v7-m/nofp/crti.o
 .data          0x0000000000000000        0x4 c:/st/stm32cubeide_1.10.1/stm32cubeide/plugins/com.st.stm32cube.ide.mcu.externaltools.gnu-tools-for-stm32.10.3-2021.10.win32_1.0.0.202111181127/tools/bin/../lib/gcc/arm-none-eabi/10.3.1/thumb/v7-m/nofp/crtbegin.o
 .rodata        0x0000000000000000       0x24 c:/st/stm32cubeide_1.10.1/stm32cubeide/plugins/com.st.stm32cube.ide.mcu.externaltools.gnu-tools-for-stm32.10.3-2021.10.win32_1.0.0.202111181127/tools/bin/../lib/gcc/arm-none-eabi/10.3.1/thumb/v7-m/nofp/crtbegin.o
 .text          0x0000000000000000       0x7c c:/st/stm32cubeide_1.10.1/stm32cubeide/plugins/com.st.stm32cube.ide.mcu.externaltools.gnu-tools-for-stm32.10.3-2021.10.win32_1.0.0.202111181127/tools/bin/../lib/gcc/arm-none-eabi/10.3.1/../../../../arm-none-eabi/lib/thumb/v7-m/nofp/crt0.o
 .data          0x0000000000000000        0x0 c:/st/stm32cubeide_1.10.1/stm32cubeide/plugins/com.st.stm32cube.ide.mcu.externaltools.gnu-tools-for-stm32.10.3-2021.10.win32_1.0.0.202111181127/tools/bin/../lib/gcc/arm-none-eabi/10.3.1/../../../../arm-none-eabi/lib/thumb/v7-m/nofp/crt0.o
 .bss           0x0000000000000000        0x0 c:/st/stm32cubeide_1.10.1/stm32cubeide/plugins/com.st.stm32cube.ide.mcu.externaltools.gnu-tools-for-stm32.10.3-2021.10.win32_1.0.0.202111181127/tools/bin/../lib/gcc/arm-none-eabi/10.3.1/../../../../arm-none-eabi/lib/thumb/v7-m/nofp/crt0.o
[...]
Memory Configuration

Name             Origin             Length             Attributes
RAM              0x0000000020000000 0x0000000000002800 xrw
FLASH            0x0000000008000000 0x0000000000008000 xr
*default*        0x0000000000000000 0xffffffffffffffff

Linker script and memory map

LOAD c:/st/stm32cubeide_1.10.1/stm32cubeide/plugins/com.st.stm32cube.ide.mcu.externaltools.gnu-tools-for-stm32.10.3-2021.10.win32_1.0.0.202111181127/tools/bin/../lib/gcc/arm-none-eabi/10.3.1/thumb/v7-m/nofp/crti.o
LOAD c:/st/stm32cubeide_1.10.1/stm32cubeide/plugins/com.st.stm32cube.ide.mcu.externaltools.gnu-tools-for-stm32.10.3-2021.10.win32_1.0.0.202111181127/tools/bin/../lib/gcc/arm-none-eabi/10.3.1/thumb/v7-m/nofp/crtbegin.o
LOAD c:/st/stm32cubeide_1.10.1/stm32cubeide/plugins/com.st.stm32cube.ide.mcu.externaltools.gnu-tools-for-stm32.10.3-2021.10.win32_1.0.0.202111181127/tools/bin/../lib/gcc/arm-none-eabi/10.3.1/../../../../arm-none-eabi/lib/thumb/v7-m/nofp/crt0.o
LOAD ./Core/Src/7SEG.o
LOAD ./Core/Src/Led_blink.o
LOAD ./Core/Src/display.o
LOAD ./Core/Src/fsm_trafficlights.o
LOAD ./Core/Src/global.o
LOAD ./Core/Src/input_processing.o
LOAD ./Core/Src/input_reading.o
LOAD ./Core/Src/main.o
LOAD ./Core/Src/software_timer.o
LOAD ./Core/Src/stm32f1xx_hal_msp.o
LOAD ./Core/Src/stm32f1xx_it.o
LOAD ./Core/Src/syscalls.o
LOAD ./Core/Src/sysmem.o
LOAD ./Core/Src/system_stm32f1xx.o
LOAD ./Core/Startup/startup_stm32f103c6tx.o
LOAD ./Drivers/STM32F1xx_HAL_Driver/Src/stm32f1xx_hal.o
LOAD ./Drivers/STM32F1xx_HAL_Driver/Src/stm32f1xx_hal_cortex.o
LOAD ./Drivers/STM32F1xx_HAL_Driver/Src/stm32f1xx_hal_dma.o
LOAD ./Drivers/STM32F1xx_HAL_Driver/Src/stm32f1xx_hal_exti.o
LOAD ./Drivers/STM32F1xx_HAL_Driver/Src/stm32f1xx_hal_flash.o
LOAD ./Drivers/STM32F1xx_HAL_Driver/Src/stm32f1xx_hal_flash_ex.o
LOAD ./Drivers/STM32F1xx_HAL_Driver/Src/stm32f1xx_hal_gpio.o
LOAD ./Drivers/STM32F1xx_HAL_Driver/Src/stm32f1xx_hal_gpio_ex.o
LOAD ./Drivers/STM32F1xx_HAL_Driver/Src/stm32f1xx_hal_pwr.o
LOAD ./Drivers/STM32F1xx_HAL_Driver/Src/stm32f1xx_hal_rcc.o
LOAD ./Drivers/STM32F1xx_HAL_Driver/Src/stm32f1xx_hal_rcc_ex.o
LOAD ./Drivers/STM32F1xx_HAL_Driver/Src/stm32f1xx_hal_tim.o
LOAD ./Drivers/STM32F1xx_HAL_Driver/Src/stm32f1xx_hal_tim_ex.o
START GROUP
LOAD c:/st/stm32cubeide_1.10.1/stm32cubeide/plugins/com.st.stm32cube.ide.mcu.externaltools.gnu-tools-for-stm32.10.3-2021.10.win32_1.0.0.202111181127/tools/bin/../lib/gcc/arm-none-eabi/10.3.1/../../../../arm-none-eabi/lib/thumb/v7-m/nofp\libc_nano.a
LOAD c:/st/stm32cubeide_1.10.1/stm32cubeide/plugins/com.st.stm32cube.ide.mcu.externaltools.gnu-tools-for-stm32.10.3-2021.10.win32_1.0.0.202111181127/tools/bin/../lib/gcc/arm-none-eabi/10.3.1/../../../../arm-none-eabi/lib/thumb/v7-m/nofp\libm.a
END GROUP
START GROUP
LOAD c:/st/stm32cubeide_1.10.1/stm32cubeide/plugins/com.st.stm32cube.ide.mcu.externaltools.gnu-tools-for-stm32.10.3-2021.10.win32_1.0.0.202111181127/tools/bin/../lib/gcc/arm-none-eabi/10.3.1/thumb/v7-m/nofp\libgcc.a
LOAD c:/st/stm32cubeide_1.10.1/stm32cubeide/plugins/com.st.stm32cube.ide.mcu.externaltools.gnu-tools-for-stm32.10.3-2021.10.win32_1.0.0.202111181127/tools/bin/../lib/gcc/arm-none-eabi/10.3.1/../../../../arm-none-eabi/lib/thumb/v7-m/nofp\libc_nano.a
END GROUP
START GROUP
LOAD c:/st/stm32cubeide_1.10.1/stm32cubeide/plugins/com.st.stm32cube.ide.mcu.externaltools.gnu-tools-for-stm32.10.3-2021.10.win32_1.0.0.202111181127/tools/bin/../lib/gcc/arm-none-eabi/10.3.1/thumb/v7-m/nofp\libgcc.a
LOAD c:/st/stm32cubeide_1.10.1/stm32cubeide/plugins/com.st.stm32cube.ide.mcu.externaltools.gnu-tools-for-stm32.10.3-2021.10.win32_1.0.0.202111181127/tools/bin/../lib/gcc/arm-none-eabi/10.3.1/../../../../arm-none-eabi/lib/thumb/v7-m/nofp\libc_nano.a
LOAD c:/st/stm32cubeide_1.10.1/stm32cubeide/plugins/com.st.stm32cube.ide.mcu.externaltools.gnu-tools-for-stm32.10.3-2021.10.win32_1.0.0.202111181127/tools/bin/../lib/gcc/arm-none-eabi/10.3.1/../../../../arm-none-eabi/lib/thumb/v7-m/nofp\libnosys.a
END GROUP
START GROUP
LOAD c:/st/stm32cubeide_1.10.1/stm32cubeide/plugins/com.st.stm32cube.ide.mcu.externaltools.gnu-tools-for-stm32.10.3-2021.10.win32_1.0.0.202111181127/tools/bin/../lib/gcc/arm-none-eabi/10.3.1/thumb/v7-m/nofp\libgcc.a
LOAD c:/st/stm32cubeide_1.10.1/stm32cubeide/plugins/com.st.stm32cube.ide.mcu.externaltools.gnu-tools-for-stm32.10.3-2021.10.win32_1.0.0.202111181127/tools/bin/../lib/gcc/arm-none-eabi/10.3.1/../../../../arm-none-eabi/lib/thumb/v7-m/nofp\libc_nano.a
LOAD c:/st/stm32cubeide_1.10.1/stm32cubeide/plugins/com.st.stm32cube.ide.mcu.externaltools.gnu-tools-for-stm32.10.3-2021.10.win32_1.0.0.202111181127/tools/bin/../lib/gcc/arm-none-eabi/10.3.1/../../../../arm-none-eabi/lib/thumb/v7-m/nofp\libnosys.a
END GROUP
LOAD c:/st/stm32cubeide_1.10.1/stm32cubeide/plugins/com.st.stm32cube.ide.mcu.externaltools.gnu-tools-for-stm32.10.3-2021.10.win32_1.0.0.202111181127/tools/bin/../lib/gcc/arm-none-eabi/10.3.1/thumb/v7-m/nofp/crtend.o
LOAD c:/st/stm32cubeide_1.10.1/stm32cubeide/plugins/com.st.stm32cube.ide.mcu.externaltools.gnu-tools-for-stm32.10.3-2021.10.win32_1.0.0.202111181127/tools/bin/../lib/gcc/arm-none-eabi/10.3.1/thumb/v7-m/nofp/crtn.o
                0x0000000020002800                _estack = (ORIGIN (RAM) + LENGTH (RAM))
                0x0000000000000200                _Min_Heap_Size = 0x200
                0x0000000000000400                _Min_Stack_Size = 0x400

.isr_vector     0x0000000008000000      0x10c
                0x0000000008000000                . = ALIGN (0x4)
 *(.isr_vector)
 .isr_vector    0x0000000008000000      0x10c ./Core/Startup/startup_stm32f103c6tx.o
                0x0000000008000000                g_pfnVectors
                0x000000000800010c                . = ALIGN (0x4)

.text           0x000000000800010c     0x2304
                0x000000000800010c                . = ALIGN (0x4)
 *(.text)
 .text          0x000000000800010c       0x40 c:/st/stm32cubeide_1.10.1/stm32cubeide/plugins/com.st.stm32cube.ide.mcu.externaltools.gnu-tools-for-stm32.10.3-2021.10.win32_1.0.0.202111181127/tools/bin/../lib/gcc/arm-none-eabi/10.3.1/thumb/v7-m/nofp/crtbegin.o
 *(.text*)
 .text.display7SEG_A
                0x000000000800014c      0x11c ./Core/Src/7SEG.o
                0x000000000800014c                display7SEG_A
 .text.display7SEG_B
                0x0000000008000268      0x144 ./Core/Src/7SEG.o
                0x0000000008000268                display7SEG_B
 .text.displayNumber_A
                0x00000000080003ac       0x34 ./Core/Src/7SEG.o
                0x00000000080003ac                displayNumber_A
 .text.displayNumber_B
                0x00000000080003e0       0x34 ./Core/Src/7SEG.o
                0x00000000080003e0                displayNumber_B
 .text.fsm_trafficlights_A
                0x0000000008000414      0x1a4 ./Core/Src/fsm_trafficlights.o
                0x0000000008000414                fsm_trafficlights_A
 .text.fsm_trafficlights_B
                0x00000000080005b8      0x1a4 ./Core/Src/fsm_trafficlights.o
                0x00000000080005b8                fsm_trafficlights_B
 .text.fsm_for_input_processing
                0x000000000800075c       0x9c ./Core/Src/input_processing.o
                0x000000000800075c                fsm_for_input_processing
 .text.button_reading
                0x00000000080007f8       0xc8 ./Core/Src/input_reading.o
                0x00000000080007f8                button_reading
 .text.is_button_pressed
                0x00000000080008c0       0x34 ./Core/Src/input_reading.o
                0x00000000080008c0                is_button_pressed
 .text.is_button_pressed_1s
                0x00000000080008f4       0x34 ./Core/Src/input_reading.o
                0x00000000080008f4                is_button_pressed_1s
 .text.main     0x0000000008000928       0x38 ./Core/Src/main.o
                0x0000000008000928                main
 .text.SystemClock_Config
                0x0000000008000960       0x76 ./Core/Src/main.o
                0x0000000008000960                SystemClock_Config
 *fill*         0x00000000080009d6        0x2 
 .text.MX_TIM2_Init
                0x00000000080009d8       0x98 ./Core/Src/main.o
 .text.MX_GPIO_Init
                0x0000000008000a70       0xfc ./Core/Src/main.o
 .text.Error_Handler
                0x0000000008000b6c        0xa ./Core/Src/main.o
                0x0000000008000b6c                Error_Handler
 *fill*         0x0000000008000b76        0x2 
 .text.setTimer0
                0x0000000008000b78       0x34 ./Core/Src/software_timer.o
                0x0000000008000b78                setTimer0
 .text.setTimer1
                0x0000000008000bac       0x34 ./Core/Src/software_timer.o
                0x0000000008000bac                setTimer1
 .text.timerRun
                0x0000000008000be0       0x84 ./Core/Src/software_timer.o
                0x0000000008000be0                timerRun
 .text.HAL_TIM_PeriodElapsedCallback
                0x0000000008000c64       0x22 ./Core/Src/software_timer.o
                0x0000000008000c64                HAL_TIM_PeriodElapsedCallback
 *fill*         0x0000000008000c86        0x2 
 .text.HAL_MspInit
                0x0000000008000c88       0x44 ./Core/Src/stm32f1xx_hal_msp.o
                0x0000000008000c88                HAL_MspInit
 .text.HAL_TIM_Base_MspInit
                0x0000000008000ccc       0x48 ./Core/Src/stm32f1xx_hal_msp.o
                0x0000000008000ccc                HAL_TIM_Base_MspInit
 .text.NMI_Handler
                0x0000000008000d14        0x6 ./Core/Src/stm32f1xx_it.o
                0x0000000008000d14                NMI_Handler
 .text.HardFault_Handler
                0x0000000008000d1a        0x6 ./Core/Src/stm32f1xx_it.o
                0x0000000008000d1a                HardFault_Handler
 .text.MemManage_Handler
                0x0000000008000d20        0x6 ./Core/Src/stm32f1xx_it.o
                0x0000000008000d20                MemManage_Handler
 .text.BusFault_Handler
                0x0000000008000d26        0x6 ./Core/Src/stm32f1xx_it.o
                0x0000000008000d26                BusFault_Handler
 .text.UsageFault_Handler
                0x0000000008000d2c        0x6 ./Core/Src/stm32f1xx_it.o
                0x0000000008000d2c                UsageFault_Handler
 .text.SVC_Handler
                0x0000000008000d32        0xc ./Core/Src/stm32f1xx_it.o
                0x0000000008000d32                SVC_Handler
 .text.DebugMon_Handler
                0x0000000008000d3e        0xc ./Core/Src/stm32f1xx_it.o
                0x0000000008000d3e                DebugMon_Handler
 .text.PendSV_Handler
                0x0000000008000d4a        0xc ./Core/Src/stm32f1xx_it.o
                0x0000000008000d4a                PendSV_Handler
 .text.SysTick_Handler
                0x0000000008000d56        0xc ./Core/Src/stm32f1xx_it.o
                0x0000000008000d56                SysTick_Handler
 *fill*         0x0000000008000d62        0x2 
 .text.TIM2_IRQHandler
                0x0000000008000d64       0x14 ./Core/Src/stm32f1xx_it.o
                0x0000000008000d64                TIM2_IRQHandler
 .text.SystemInit
                0x0000000008000d78        0xc ./Core/Src/system_stm32f1xx.o
                0x0000000008000d78                SystemInit
 .text.Reset_Handler
                0x0000000008000d84       0x48 ./Core/Startup/startup_stm32f103c6tx.o
                0x0000000008000d84                Reset_Handler
 .text.Default_Handler
                0x0000000008000dcc        0x2 ./Core/Startup/startup_stm32f103c6tx.o
                0x0000000008000dcc                RTC_Alarm_IRQHandler
                0x0000000008000dcc                EXTI2_IRQHandler
                0x0000000008000dcc                TIM1_CC_IRQHandler
                0x0000000008000dcc                PVD_IRQHandler
                0x0000000008000dcc                EXTI3_IRQHandler
                0x0000000008000dcc                EXTI0_IRQHandler
                0x0000000008000dcc                ADC1_2_IRQHandler
                0x0000000008000dcc                SPI1_IRQHandler
                0x0000000008000dcc                TAMPER_IRQHandler
                0x0000000008000dcc                DMA1_Channel4_IRQHandler
                0x0000000008000dcc                RTC_IRQHandler
                0x0000000008000dcc                DMA1_Channel7_IRQHandler
                0x0000000008000dcc                CAN1_RX1_IRQHandler
                0x0000000008000dcc                I2C1_EV_IRQHandler
                0x0000000008000dcc                DMA1_Channel6_IRQHandler
                0x0000000008000dcc                TIM3_IRQHandler
                0x0000000008000dcc                RCC_IRQHandler
                0x0000000008000dcc                TIM1_TRG_COM_IRQHandler
                0x0000000008000dcc                DMA1_Channel1_IRQHandler
                0x0000000008000dcc                Default_Handler
                0x0000000008000dcc                EXTI15_10_IRQHandler
                0x0000000008000dcc                EXTI9_5_IRQHandler
                0x0000000008000dcc                DMA1_Channel5_IRQHandler
                0x0000000008000dcc                EXTI4_IRQHandler
                0x0000000008000dcc                USB_LP_CAN1_RX0_IRQHandler
                0x0000000008000dcc                USB_HP_CAN1_TX_IRQHandler
                0x0000000008000dcc                DMA1_Channel3_IRQHandler
                0x0000000008000dcc                TIM1_UP_IRQHandler
                0x0000000008000dcc                WWDG_IRQHandler
                0x0000000008000dcc                TIM1_BRK_IRQHandler
                0x0000000008000dcc                EXTI1_IRQHandler
                0x0000000008000dcc                USART2_IRQHandler
                0x0000000008000dcc                DMA1_Channel2_IRQHandler
                0x0000000008000dcc                CAN1_SCE_IRQHandler
                0x0000000008000dcc                FLASH_IRQHandler
                0x0000000008000dcc                USART1_IRQHandler
                0x0000000008000dcc                I2C1_ER_IRQHandler
                0x0000000008000dcc                USBWakeUp_IRQHandler
 *fill*         0x0000000008000dce        0x2 
 .text.HAL_Init
                0x0000000008000dd0       0x2c ./Drivers/STM32F1xx_HAL_Driver/Src/stm32f1xx_hal.o
                0x0000000008000dd0                HAL_Init
 .text.HAL_InitTick
                0x0000000008000dfc       0x60 ./Drivers/STM32F1xx_HAL_Driver/Src/stm32f1xx_hal.o
                0x0000000008000dfc                HAL_InitTick
 .text.HAL_IncTick
                0x0000000008000e5c       0x24 ./Drivers/STM32F1xx_HAL_Driver/Src/stm32f1xx_hal.o
                0x0000000008000e5c                HAL_IncTick
 .text.HAL_GetTick
                0x0000000008000e80       0x14 ./Drivers/STM32F1xx_HAL_Driver/Src/stm32f1xx_hal.o
                0x0000000008000e80                HAL_GetTick
 .text.__NVIC_SetPriorityGrouping
                0x0000000008000e94       0x48 ./Drivers/STM32F1xx_HAL_Driver/Src/stm32f1xx_hal_cortex.o
 .text.__NVIC_GetPriorityGrouping
                0x0000000008000edc       0x1c ./Drivers/STM32F1xx_HAL_Driver/Src/stm32f1xx_hal_cortex.o
 .text.__NVIC_EnableIRQ
                0x0000000008000ef8       0x38 ./Drivers/STM32F1xx_HAL_Driver/Src/stm32f1xx_hal_cortex.o
 .text.__NVIC_SetPriority
                0x0000000008000f30       0x54 ./Drivers/STM32F1xx_HAL_Driver/Src/stm32f1xx_hal_cortex.o
 .text.NVIC_EncodePriority
                0x0000000008000f84       0x64 ./Drivers/STM32F1xx_HAL_Driver/Src/stm32f1xx_hal_cortex.o
 .text.SysTick_Config
                0x0000000008000fe8       0x44 ./Drivers/STM32F1xx_HAL_Driver/Src/stm32f1xx_hal_cortex.o
 .text.HAL_NVIC_SetPriorityGrouping
                0x000000000800102c       0x16 ./Drivers/STM32F1xx_HAL_Driver/Src/stm32f1xx_hal_cortex.o
                0x000000000800102c                HAL_NVIC_SetPriorityGrouping
 .text.HAL_NVIC_SetPriority
                0x0000000008001042       0x38 ./Drivers/STM32F1xx_HAL_Driver/Src/stm32f1xx_hal_cortex.o
                0x0000000008001042                HAL_NVIC_SetPriority
 .text.HAL_NVIC_EnableIRQ
                0x000000000800107a       0x1c ./Drivers/STM32F1xx_HAL_Driver/Src/stm32f1xx_hal_cortex.o
                0x000000000800107a                HAL_NVIC_EnableIRQ
 .text.HAL_SYSTICK_Config
                0x0000000008001096       0x18 ./Drivers/STM32F1xx_HAL_Driver/Src/stm32f1xx_hal_cortex.o
                0x0000000008001096                HAL_SYSTICK_Config
 *fill*         0x00000000080010ae        0x2 
 .text.HAL_GPIO_Init
                0x00000000080010b0      0x2f8 ./Drivers/STM32F1xx_HAL_Driver/Src/stm32f1xx_hal_gpio.o
                0x00000000080010b0                HAL_GPIO_Init
 .text.HAL_GPIO_ReadPin
                0x00000000080013a8       0x2e ./Drivers/STM32F1xx_HAL_Driver/Src/stm32f1xx_hal_gpio.o
                0x00000000080013a8                HAL_GPIO_ReadPin
 .text.HAL_GPIO_WritePin
                0x00000000080013d6       0x30 ./Drivers/STM32F1xx_HAL_Driver/Src/stm32f1xx_hal_gpio.o
                0x00000000080013d6                HAL_GPIO_WritePin
 *fill*         0x0000000008001406        0x2 
 .text.HAL_RCC_OscConfig
                0x0000000008001408      0x504 ./Drivers/STM32F1xx_HAL_Driver/Src/stm32f1xx_hal_rcc.o
                0x0000000008001408                HAL_RCC_OscConfig
 .text.HAL_RCC_ClockConfig
                0x000000000800190c      0x1d4 ./Drivers/STM32F1xx_HAL_Driver/Src/stm32f1xx_hal_rcc.o
                0x000000000800190c                HAL_RCC_ClockConfig
 .text.HAL_RCC_GetSysClockFreq
                0x0000000008001ae0       0xbc ./Drivers/STM32F1xx_HAL_Driver/Src/stm32f1xx_hal_rcc.o
                0x0000000008001ae0                HAL_RCC_GetSysClockFreq
 .text.RCC_Delay
                0x0000000008001b9c       0x3c ./Drivers/STM32F1xx_HAL_Driver/Src/stm32f1xx_hal_rcc.o
 .text.HAL_TIM_Base_Init
                0x0000000008001bd8       0x9e ./Drivers/STM32F1xx_HAL_Driver/Src/stm32f1xx_hal_tim.o
                0x0000000008001bd8                HAL_TIM_Base_Init
 *fill*         0x0000000008001c76        0x2 
 .text.HAL_TIM_Base_Start_IT
                0x0000000008001c78       0x98 ./Drivers/STM32F1xx_HAL_Driver/Src/stm32f1xx_hal_tim.o
                0x0000000008001c78                HAL_TIM_Base_Start_IT
 .text.HAL_TIM_IRQHandler
                0x0000000008001d10      0x210 ./Drivers/STM32F1xx_HAL_Driver/Src/stm32f1xx_hal_tim.o
                0x0000000008001d10                HAL_TIM_IRQHandler
 .text.HAL_TIM_ConfigClockSource
                0x0000000008001f20      0x188 ./Drivers/STM32F1xx_HAL_Driver/Src/stm32f1xx_hal_tim.o
                0x0000000008001f20                HAL_TIM_ConfigClockSource
 .text.HAL_TIM_OC_DelayElapsedCallback
                0x00000000080020a8       0x12 ./Drivers/STM32F1xx_HAL_Driver/Src/stm32f1xx_hal_tim.o
                0x00000000080020a8                HAL_TIM_OC_DelayElapsedCallback
 .text.HAL_TIM_IC_CaptureCallback
                0x00000000080020ba       0x12 ./Drivers/STM32F1xx_HAL_Driver/Src/stm32f1xx_hal_tim.o
                0x00000000080020ba                HAL_TIM_IC_CaptureCallback
 .text.HAL_TIM_PWM_PulseFinishedCallback
                0x00000000080020cc       0x12 ./Drivers/STM32F1xx_HAL_Driver/Src/stm32f1xx_hal_tim.o
                0x00000000080020cc                HAL_TIM_PWM_PulseFinishedCallback
 .text.HAL_TIM_TriggerCallback
                0x00000000080020de       0x12 ./Drivers/STM32F1xx_HAL_Driver/Src/stm32f1xx_hal_tim.o
                0x00000000080020de                HAL_TIM_TriggerCallback
 .text.TIM_Base_SetConfig
                0x00000000080020f0       0xb0 ./Drivers/STM32F1xx_HAL_Driver/Src/stm32f1xx_hal_tim.o
                0x00000000080020f0                TIM_Base_SetConfig
 .text.TIM_TI1_ConfigInputStage
                0x00000000080021a0       0x5c ./Drivers/STM32F1xx_HAL_Driver/Src/stm32f1xx_hal_tim.o
 .text.TIM_TI2_ConfigInputStage
                0x00000000080021fc       0x5e ./Drivers/STM32F1xx_HAL_Driver/Src/stm32f1xx_hal_tim.o
 .text.TIM_ITRx_SetConfig
                0x000000000800225a       0x34 ./Drivers/STM32F1xx_HAL_Driver/Src/stm32f1xx_hal_tim.o
 .text.TIM_ETR_SetConfig
                0x000000000800228e       0x3e ./Drivers/STM32F1xx_HAL_Driver/Src/stm32f1xx_hal_tim.o
                0x000000000800228e                TIM_ETR_SetConfig
 .text.HAL_TIMEx_MasterConfigSynchronization
                0x00000000080022cc       0xb0 ./Drivers/STM32F1xx_HAL_Driver/Src/stm32f1xx_hal_tim_ex.o
                0x00000000080022cc                HAL_TIMEx_MasterConfigSynchronization
 .text.HAL_TIMEx_CommutCallback
                0x000000000800237c       0x12 ./Drivers/STM32F1xx_HAL_Driver/Src/stm32f1xx_hal_tim_ex.o
                0x000000000800237c                HAL_TIMEx_CommutCallback
 .text.HAL_TIMEx_BreakCallback
                0x000000000800238e       0x12 ./Drivers/STM32F1xx_HAL_Driver/Src/stm32f1xx_hal_tim_ex.o
                0x000000000800238e                HAL_TIMEx_BreakCallback
 .text.__libc_init_array
                0x00000000080023a0       0x48 c:/st/stm32cubeide_1.10.1/stm32cubeide/plugins/com.st.stm32cube.ide.mcu.externaltools.gnu-tools-for-stm32.10.3-2021.10.win32_1.0.0.202111181127/tools/bin/../lib/gcc/arm-none-eabi/10.3.1/../../../../arm-none-eabi/lib/thumb/v7-m/nofp\libc_nano.a(lib_a-init.o)
                0x00000000080023a0                __libc_init_array
 .text.memset   0x00000000080023e8       0x10 c:/st/stm32cubeide_1.10.1/stm32cubeide/plugins/com.st.stm32cube.ide.mcu.externaltools.gnu-tools-for-stm32.10.3-2021.10.win32_1.0.0.202111181127/tools/bin/../lib/gcc/arm-none-eabi/10.3.1/../../../../arm-none-eabi/lib/thumb/v7-m/nofp\libc_nano.a(lib_a-memset.o)
                0x00000000080023e8                memset
 *(.glue_7)
 .glue_7        0x00000000080023f8        0x0 linker stubs
 *(.glue_7t)
 .glue_7t       0x00000000080023f8        0x0 linker stubs
 *(.eh_frame)
 .eh_frame      0x00000000080023f8        0x0 c:/st/stm32cubeide_1.10.1/stm32cubeide/plugins/com.st.stm32cube.ide.mcu.externaltools.gnu-tools-for-stm32.10.3-2021.10.win32_1.0.0.202111181127/tools/bin/../lib/gcc/arm-none-eabi/10.3.1/thumb/v7-m/nofp/crtbegin.o
 *(.init)
 .init          0x00000000080023f8        0x4 c:/st/stm32cubeide_1.10.1/stm32cubeide/plugins/com.st.stm32cube.ide.mcu.externaltools.gnu-tools-for-stm32.10.3-2021.10.win32_1.0.0.202111181127/tools/bin/../lib/gcc/arm-none-eabi/10.3.1/thumb/v7-m/nofp/crti.o
                0x00000000080023f8                _init
 .init          0x00000000080023fc        0x8 c:/st/stm32cubeide_1.10.1/stm32cubeide/plugins/com.st.stm32cube.ide.mcu.externaltools.gnu-tools-for-stm32.10.3-2021.10.win32_1.0.0.202111181127/tools/bin/../lib/gcc/arm-none-eabi/10.3.1/thumb/v7-m/nofp/crtn.o
 *(.fini)
 .fini          0x0000000008002404        0x4 c:/st/stm32cubeide_1.10.1/stm32cubeide/plugins/com.st.stm32cube.ide.mcu.externaltools.gnu-tools-for-stm32.10.3-2021.10.win32_1.0.0.202111181127/tools/bin/../lib/gcc/arm-none-eabi/10.3.1/thumb/v7-m/nofp/crti.o
                0x0000000008002404                _fini
 .fini          0x0000000008002408        0x8 c:/st/stm32cubeide_1.10.1/stm32cubeide/plugins/com.st.stm32cube.ide.mcu.externaltools.gnu-tools-for-stm32.10.3-2021.10.win32_1.0.0.202111181127/tools/bin/../lib/gcc/arm-none-eabi/10.3.1/thumb/v7-m/nofp/crtn.o
                0x0000000008002410                . = ALIGN (0x4)
                0x0000000008002410                _etext = .

.vfp11_veneer   0x0000000008002410        0x0
 .vfp11_veneer  0x0000000008002410        0x0 linker stubs

.v4_bx          0x0000000008002410        0x0
 .v4_bx         0x0000000008002410        0x0 linker stubs

.iplt           0x0000000008002410        0x0
 .iplt          0x0000000008002410        0x0 c:/st/stm32cubeide_1.10.1/stm32cubeide/plugins/com.st.stm32cube.ide.mcu.externaltools.gnu-tools-for-stm32.10.3-2021.10.win32_1.0.0.202111181127/tools/bin/../lib/gcc/arm-none-eabi/10.3.1/thumb/v7-m/nofp/crtbegin.o

.rodata         0x0000000008002410       0x20
                0x0000000008002410                . = ALIGN (0x4)
 *(.rodata)
 .rodata        0x0000000008002410       0x10 ./Drivers/STM32F1xx_HAL_Driver/Src/stm32f1xx_hal_rcc.o
 *(.rodata*)
 .rodata.AHBPrescTable
                0x0000000008002420       0x10 ./Core/Src/system_stm32f1xx.o
                0x0000000008002420                AHBPrescTable
                0x0000000008002430                . = ALIGN (0x4)

.rel.dyn        0x0000000008002430        0x0
 .rel.iplt      0x0000000008002430        0x0 c:/st/stm32cubeide_1.10.1/stm32cubeide/plugins/com.st.stm32cube.ide.mcu.externaltools.gnu-tools-for-stm32.10.3-2021.10.win32_1.0.0.202111181127/tools/bin/../lib/gcc/arm-none-eabi/10.3.1/thumb/v7-m/nofp/crtbegin.o

.ARM.extab      0x0000000008002430        0x0
                0x0000000008002430                . = ALIGN (0x4)
 *(.ARM.extab* .gnu.linkonce.armextab.*)
                0x0000000008002430                . = ALIGN (0x4)

.ARM            0x0000000008002430        0x0
                0x0000000008002430                . = ALIGN (0x4)
                0x0000000008002430                __exidx_start = .
 *(.ARM.exidx*)
                0x0000000008002430                __exidx_end = .
                0x0000000008002430                . = ALIGN (0x4)

.preinit_array  0x0000000008002430        0x0
                0x0000000008002430                . = ALIGN (0x4)
                0x0000000008002430                PROVIDE (__preinit_array_start = .)
 *(.preinit_array*)
                0x0000000008002430                PROVIDE (__preinit_array_end = .)
                0x0000000008002430                . = ALIGN (0x4)

.init_array     0x0000000008002430        0x4
                0x0000000008002430                . = ALIGN (0x4)
                0x0000000008002430                PROVIDE (__init_array_start = .)
 *(SORT_BY_NAME(.init_array.*))
 *(.init_array*)
 .init_array    0x0000000008002430        0x4 c:/st/stm32cubeide_1.10.1/stm32cubeide/plugins/com.st.stm32cube.ide.mcu.externaltools.gnu-tools-for-stm32.10.3-2021.10.win32_1.0.0.202111181127/tools/bin/../lib/gcc/arm-none-eabi/10.3.1/thumb/v7-m/nofp/crtbegin.o
                0x0000000008002434                PROVIDE (__init_array_end = .)
                0x0000000008002434                . = ALIGN (0x4)

.fini_array     0x0000000008002434        0x4
                0x0000000008002434                . = ALIGN (0x4)
                [!provide]                        PROVIDE (__fini_array_start = .)
 *(SORT_BY_NAME(.fini_array.*))
 *(.fini_array*)
 .fini_array    0x0000000008002434        0x4 c:/st/stm32cubeide_1.10.1/stm32cubeide/plugins/com.st.stm32cube.ide.mcu.externaltools.gnu-tools-for-stm32.10.3-2021.10.win32_1.0.0.202111181127/tools/bin/../lib/gcc/arm-none-eabi/10.3.1/thumb/v7-m/nofp/crtbegin.o
                [!provide]                        PROVIDE (__fini_array_end = .)
                0x0000000008002438                . = ALIGN (0x4)
                0x0000000008002438                _sidata = LOADADDR (.data)

.data           0x0000000020000000       0x2c load address 0x0000000008002438
                0x0000000020000000                . = ALIGN (0x4)
                0x0000000020000000                _sdata = .
 *(.data)
 *(.data*)
 .data.status   0x0000000020000000        0x4 ./Core/Src/global.o
                0x0000000020000000                status
 .data.status1  0x0000000020000004        0x4 ./Core/Src/global.o
                0x0000000020000004                status1
 .data.timer_red
                0x0000000020000008        0x4 ./Core/Src/global.o
                0x0000000020000008                timer_red
 .data.timer_amber
                0x000000002000000c        0x4 ./Core/Src/global.o
                0x000000002000000c                timer_amber
 .data.timer_green
                0x0000000020000010        0x4 ./Core/Src/global.o
                0x0000000020000010                timer_green
 .data.buttonPin
                0x0000000020000014        0x6 ./Core/Src/input_reading.o
                0x0000000020000014                buttonPin
 *fill*         0x000000002000001a        0x2 
 .data.TIME_CYCLE
                0x000000002000001c        0x4 ./Core/Src/software_timer.o
 .data.SystemCoreClock
                0x0000000020000020        0x4 ./Core/Src/system_stm32f1xx.o
                0x0000000020000020                SystemCoreClock
 .data.uwTickPrio
                0x0000000020000024        0x4 ./Drivers/STM32F1xx_HAL_Driver/Src/stm32f1xx_hal.o
                0x0000000020000024                uwTickPrio
 .data.uwTickFreq
                0x0000000020000028        0x1 ./Drivers/STM32F1xx_HAL_Driver/Src/stm32f1xx_hal.o
                0x0000000020000028                uwTickFreq
 *(.RamFunc)
 *(.RamFunc*)
                0x000000002000002c                . = ALIGN (0x4)
 *fill*         0x0000000020000029        0x3 
                0x000000002000002c                _edata = .

.igot.plt       0x000000002000002c        0x0 load address 0x0000000008002464
 .igot.plt      0x000000002000002c        0x0 c:/st/stm32cubeide_1.10.1/stm32cubeide/plugins/com.st.stm32cube.ide.mcu.externaltools.gnu-tools-for-stm32.10.3-2021.10.win32_1.0.0.202111181127/tools/bin/../lib/gcc/arm-none-eabi/10.3.1/thumb/v7-m/nofp/crtbegin.o
                0x000000002000002c                . = ALIGN (0x4)

.bss            0x000000002000002c       0xa0 load address 0x0000000008002464
                0x000000002000002c                _sbss = .
                0x000000002000002c                __bss_start__ = _sbss
 *(.bss)
 .bss           0x000000002000002c       0x1c c:/st/stm32cubeide_1.10.1/stm32cubeide/plugins/com.st.stm32cube.ide.mcu.externaltools.gnu-tools-for-stm32.10.3-2021.10.win32_1.0.0.202111181127/tools/bin/../lib/gcc/arm-none-eabi/10.3.1/thumb/v7-m/nofp/crtbegin.o
 *(.bss*)
 .bss.counterA  0x0000000020000048        0x4 ./Core/Src/global.o
                0x0000000020000048                counterA
 .bss.buttonState
                0x000000002000004c        0x1 ./Core/Src/input_processing.o
                0x000000002000004c                buttonState
 *fill*         0x000000002000004d        0x3 
 .bss.buttonBuffer
                0x0000000020000050        0x3 ./Core/Src/input_reading.o
 *fill*         0x0000000020000053        0x1 
 .bss.debounceButtonBuffer1
                0x0000000020000054        0x3 ./Core/Src/input_reading.o
 *fill*         0x0000000020000057        0x1 
 .bss.debounceButtonBuffer2
                0x0000000020000058        0x3 ./Core/Src/input_reading.o
 *fill*         0x000000002000005b        0x1 
 .bss.flagForButtonPress1s
                0x000000002000005c        0x3 ./Core/Src/input_reading.o
 *fill*         0x000000002000005f        0x1 
 .bss.counterForButtonPress1s
                0x0000000020000060        0x6 ./Core/Src/input_reading.o
 *fill*         0x0000000020000066        0x2 
 .bss.htim2     0x0000000020000068       0x48 ./Core/Src/main.o
                0x0000000020000068                htim2
 .bss.timer0_flag
                0x00000000200000b0        0x4 ./Core/Src/software_timer.o
                0x00000000200000b0                timer0_flag
 .bss.timer1_flag
                0x00000000200000b4        0x4 ./Core/Src/software_timer.o
                0x00000000200000b4                timer1_flag
 .bss.timer2_flag
                0x00000000200000b8        0x4 ./Core/Src/software_timer.o
                0x00000000200000b8                timer2_flag
 .bss.timer0_counter
                0x00000000200000bc        0x4 ./Core/Src/software_timer.o
                0x00000000200000bc                timer0_counter
 .bss.timer1_counter
                0x00000000200000c0        0x4 ./Core/Src/software_timer.o
                0x00000000200000c0                timer1_counter
 .bss.timer2_counter
                0x00000000200000c4        0x4 ./Core/Src/software_timer.o
                0x00000000200000c4                timer2_counter
 .bss.uwTick    0x00000000200000c8        0x4 ./Drivers/STM32F1xx_HAL_Driver/Src/stm32f1xx_hal.o
                0x00000000200000c8                uwTick
 *(COMMON)
                0x00000000200000cc                . = ALIGN (0x4)
                0x00000000200000cc                _ebss = .
                0x00000000200000cc                __bss_end__ = _ebss

._user_heap_stack
                0x00000000200000cc      0x604 load address 0x0000000008002464
                0x00000000200000d0                . = ALIGN (0x8)
 *fill*         0x00000000200000cc        0x4 
                [!provide]                        PROVIDE (end = .)
                0x00000000200000d0                PROVIDE (_end = .)
                0x00000000200002d0                . = (. + _Min_Heap_Size)
 *fill*         0x00000000200000d0      0x200 
                0x00000000200006d0                . = (. + _Min_Stack_Size)
 *fill*         0x00000000200002d0      0x400 
                0x00000000200006d0                . = ALIGN (0x8)

/DISCARD/
 libc.a(*)
 libm.a(*)
 libgcc.a(*)

.ARM.attributes
                0x0000000000000000       0x29
 *(.ARM.attributes)
 .ARM.attributes
                0x0000000000000000       0x1d c:/st/stm32cubeide_1.10.1/stm32cubeide/plugins/com.st.stm32cube.ide.mcu.externaltools.gnu-tools-for-stm32.10.3-2021.10.win32_1.0.0.202111181127/tools/bin/../lib/gcc/arm-none-eabi/10.3.1/thumb/v7-m/nofp/crti.o
 .ARM.attributes
                0x000000000000001d       0x2d c:/st/stm32cubeide_1.10.1/stm32cubeide/plugins/com.st.stm32cube.ide.mcu.externaltools.gnu-tools-for-stm32.10.3-2021.10.win32_1.0.0.202111181127/tools/bin/../lib/gcc/arm-none-eabi/10.3.1/thumb/v7-m/nofp/crtbegin.o
 .ARM.attributes
                0x000000000000004a       0x2d ./Core/Src/7SEG.o
 .ARM.attributes
                0x0000000000000077       0x2d ./Core/Src/fsm_trafficlights.o
 .ARM.attributes
                0x00000000000000a4       0x2d ./Core/Src/global.o
 .ARM.attributes
                0x00000000000000d1       0x2d ./Core/Src/input_processing.o
 .ARM.attributes
                0x00000000000000fe       0x2d ./Core/Src/input_reading.o
 .ARM.attributes
                0x000000000000012b       0x2d ./Core/Src/main.o
 .ARM.attributes
                0x0000000000000158       0x2d ./Core/Src/software_timer.o
 .ARM.attributes
                0x0000000000000185       0x2d ./Core/Src/stm32f1xx_hal_msp.o
 .ARM.attributes
                0x00000000000001b2       0x2d ./Core/Src/stm32f1xx_it.o
 .ARM.attributes
                0x00000000000001df       0x2d ./Core/Src/system_stm32f1xx.o
 .ARM.attributes
                0x000000000000020c       0x21 ./Core/Startup/startup_stm32f103c6tx.o
 .ARM.attributes
                0x000000000000022d       0x2d ./Drivers/STM32F1xx_HAL_Driver/Src/stm32f1xx_hal.o
 .ARM.attributes
                0x000000000000025a       0x2d ./Drivers/STM32F1xx_HAL_Driver/Src/stm32f1xx_hal_cortex.o
 .ARM.attributes
                0x0000000000000287       0x2d ./Drivers/STM32F1xx_HAL_Driver/Src/stm32f1xx_hal_gpio.o
 .ARM.attributes
                0x00000000000002b4       0x2d ./Drivers/STM32F1xx_HAL_Driver/Src/stm32f1xx_hal_rcc.o
 .ARM.attributes
                0x00000000000002e1       0x2d ./Drivers/STM32F1xx_HAL_Driver/Src/stm32f1xx_hal_tim.o
 .ARM.attributes
                0x000000000000030e       0x2d ./Drivers/STM32F1xx_HAL_Driver/Src/stm32f1xx_hal_tim_ex.o
 .ARM.attributes
                0x000000000000033b       0x2d c:/st/stm32cubeide_1.10.1/stm32cubeide/plugins/com.st.stm32cube.ide.mcu.externaltools.gnu-tools-for-stm32.10.3-2021.10.win32_1.0.0.202111181127/tools/bin/../lib/gcc/arm-none-eabi/10.3.1/../../../../arm-none-eabi/lib/thumb/v7-m/nofp\libc_nano.a(lib_a-init.o)
 .ARM.attributes
                0x0000000000000368       0x2d c:/st/stm32cubeide_1.10.1/stm32cubeide/plugins/com.st.stm32cube.ide.mcu.externaltools.gnu-tools-for-stm32.10.3-2021.10.win32_1.0.0.202111181127/tools/bin/../lib/gcc/arm-none-eabi/10.3.1/../../../../arm-none-eabi/lib/thumb/v7-m/nofp\libc_nano.a(lib_a-memset.o)
 .ARM.attributes
                0x0000000000000395       0x1d c:/st/stm32cubeide_1.10.1/stm32cubeide/plugins/com.st.stm32cube.ide.mcu.externaltools.gnu-tools-for-stm32.10.3-2021.10.win32_1.0.0.202111181127/tools/bin/../lib/gcc/arm-none-eabi/10.3.1/thumb/v7-m/nofp/crtn.o
OUTPUT(Trafficlights.elf elf32-littlearm)
LOAD linker stubs
LOAD c:/st/stm32cubeide_1.10.1/stm32cubeide/plugins/com.st.stm32cube.ide.mcu.externaltools.gnu-tools-for-stm32.10.3-2021.10.win32_1.0.0.202111181127/tools/bin/../lib/gcc/arm-none-eabi/10.3.1/../../../../arm-none-eabi/lib/thumb/v7-m/nofp\libc.a
LOAD c:/st/stm32cubeide_1.10.1/stm32cubeide/plugins/com.st.stm32cube.ide.mcu.externaltools.gnu-tools-for-stm32.10.3-2021.10.win32_1.0.0.202111181127/tools/bin/../lib/gcc/arm-none-eabi/10.3.1/../../../../arm-none-eabi/lib/thumb/v7-m/nofp\libm.a
LOAD c:/st/stm32cubeide_1.10.1/stm32cubeide/plugins/com.st.stm32cube.ide.mcu.externaltools.gnu-tools-for-stm32.10.3-2021.10.win32_1.0.0.202111181127/tools/bin/../lib/gcc/arm-none-eabi/10.3.1/thumb/v7-m/nofp\libgcc.a

.debug_info     0x0000000000000000     0x8f30
 .debug_info    0x0000000000000000      0x230 ./Core/Src/7SEG.o
 .debug_info    0x0000000000000230      0x253 ./Core/Src/fsm_trafficlights.o
 .debug_info    0x0000000000000483      0x1db ./Core/Src/global.o
 .debug_info    0x000000000000065e      0x134 ./Core/Src/input_processing.o
 .debug_info    0x0000000000000792      0x2a0 ./Core/Src/input_reading.o
 .debug_info    0x0000000000000a32      0xbf7 ./Core/Src/main.o
 .debug_info    0x0000000000001629      0x769 ./Core/Src/software_timer.o
 .debug_info    0x0000000000001d92      0x8d7 ./Core/Src/stm32f1xx_hal_msp.o
 .debug_info    0x0000000000002669      0x6ea ./Core/Src/stm32f1xx_it.o
 .debug_info    0x0000000000002d53      0x23d ./Core/Src/system_stm32f1xx.o
 .debug_info    0x0000000000002f90       0x22 ./Core/Startup/startup_stm32f103c6tx.o
 .debug_info    0x0000000000002fb2      0x716 ./Drivers/STM32F1xx_HAL_Driver/Src/stm32f1xx_hal.o
 .debug_info    0x00000000000036c8      0xb02 ./Drivers/STM32F1xx_HAL_Driver/Src/stm32f1xx_hal_cortex.o
 .debug_info    0x00000000000041ca      0x615 ./Drivers/STM32F1xx_HAL_Driver/Src/stm32f1xx_hal_gpio.o
 .debug_info    0x00000000000047df      0x860 ./Drivers/STM32F1xx_HAL_Driver/Src/stm32f1xx_hal_rcc.o
 .debug_info    0x000000000000503f     0x29de ./Drivers/STM32F1xx_HAL_Driver/Src/stm32f1xx_hal_tim.o
 .debug_info    0x0000000000007a1d     0x1513 ./Drivers/STM32F1xx_HAL_Driver/Src/stm32f1xx_hal_tim_ex.o

.debug_abbrev   0x0000000000000000     0x1b54
 .debug_abbrev  0x0000000000000000      0x127 ./Core/Src/7SEG.o
 .debug_abbrev  0x0000000000000127       0xef ./Core/Src/fsm_trafficlights.o
 .debug_abbrev  0x0000000000000216       0x4b ./Core/Src/global.o
 .debug_abbrev  0x0000000000000261       0xc1 ./Core/Src/input_processing.o
 .debug_abbrev  0x0000000000000322      0x15f ./Core/Src/input_reading.o
 .debug_abbrev  0x0000000000000481      0x271 ./Core/Src/main.o
 .debug_abbrev  0x00000000000006f2      0x1e5 ./Core/Src/software_timer.o
 .debug_abbrev  0x00000000000008d7      0x19f ./Core/Src/stm32f1xx_hal_msp.o
 .debug_abbrev  0x0000000000000a76      0x184 ./Core/Src/stm32f1xx_it.o
 .debug_abbrev  0x0000000000000bfa      0x13b ./Core/Src/system_stm32f1xx.o
 .debug_abbrev  0x0000000000000d35       0x12 ./Core/Startup/startup_stm32f103c6tx.o
 .debug_abbrev  0x0000000000000d47      0x1fb ./Drivers/STM32F1xx_HAL_Driver/Src/stm32f1xx_hal.o
 .debug_abbrev  0x0000000000000f42      0x2ed ./Drivers/STM32F1xx_HAL_Driver/Src/stm32f1xx_hal_cortex.o
 .debug_abbrev  0x000000000000122f      0x1bb ./Drivers/STM32F1xx_HAL_Driver/Src/stm32f1xx_hal_gpio.o
 .debug_abbrev  0x00000000000013ea      0x2a8 ./Drivers/STM32F1xx_HAL_Driver/Src/stm32f1xx_hal_rcc.o
 .debug_abbrev  0x0000000000001692      0x25d ./Drivers/STM32F1xx_HAL_Driver/Src/stm32f1xx_hal_tim.o
 .debug_abbrev  0x00000000000018ef      0x265 ./Drivers/STM32F1xx_HAL_Driver/Src/stm32f1xx_hal_tim_ex.o

.debug_aranges  0x0000000000000000      0xa38
 .debug_aranges
                0x0000000000000000       0x38 ./Core/Src/7SEG.o
 .debug_aranges
                0x0000000000000038       0x28 ./Core/Src/fsm_trafficlights.o
 .debug_aranges
                0x0000000000000060       0x18 ./Core/Src/global.o
 .debug_aranges
                0x0000000000000078       0x28 ./Core/Src/input_processing.o
 .debug_aranges
                0x00000000000000a0       0x30 ./Core/Src/input_reading.o
 .debug_aranges
                0x00000000000000d0       0x40 ./Core/Src/main.o
 .debug_aranges
                0x0000000000000110       0x40 ./Core/Src/software_timer.o
 .debug_aranges
                0x0000000000000150       0x30 ./Core/Src/stm32f1xx_hal_msp.o
 .debug_aranges
                0x0000000000000180       0x68 ./Core/Src/stm32f1xx_it.o
 .debug_aranges
                0x00000000000001e8       0x28 ./Core/Src/system_stm32f1xx.o
 .debug_aranges
                0x0000000000000210       0x28 ./Core/Startup/startup_stm32f103c6tx.o
 .debug_aranges
                0x0000000000000238       0xe0 ./Drivers/STM32F1xx_HAL_Driver/Src/stm32f1xx_hal.o
 .debug_aranges
                0x0000000000000318      0x100 ./Drivers/STM32F1xx_HAL_Driver/Src/stm32f1xx_hal_cortex.o
 .debug_aranges
                0x0000000000000418       0x58 ./Drivers/STM32F1xx_HAL_Driver/Src/stm32f1xx_hal_gpio.o
 .debug_aranges
                0x0000000000000470       0x90 ./Drivers/STM32F1xx_HAL_Driver/Src/stm32f1xx_hal_rcc.o
 .debug_aranges
                0x0000000000000500      0x3d0 ./Drivers/STM32F1xx_HAL_Driver/Src/stm32f1xx_hal_tim.o
 .debug_aranges
                0x00000000000008d0      0x168 ./Drivers/STM32F1xx_HAL_Driver/Src/stm32f1xx_hal_tim_ex.o

.debug_ranges   0x0000000000000000      0x928
 .debug_ranges  0x0000000000000000       0x28 ./Core/Src/7SEG.o
 .debug_ranges  0x0000000000000028       0x18 ./Core/Src/fsm_trafficlights.o
 .debug_ranges  0x0000000000000040       0x18 ./Core/Src/input_processing.o
 .debug_ranges  0x0000000000000058       0x20 ./Core/Src/input_reading.o
 .debug_ranges  0x0000000000000078       0x30 ./Core/Src/main.o
 .debug_ranges  0x00000000000000a8       0x30 ./Core/Src/software_timer.o
 .debug_ranges  0x00000000000000d8       0x20 ./Core/Src/stm32f1xx_hal_msp.o
 .debug_ranges  0x00000000000000f8       0x58 ./Core/Src/stm32f1xx_it.o
 .debug_ranges  0x0000000000000150       0x18 ./Core/Src/system_stm32f1xx.o
 .debug_ranges  0x0000000000000168       0x20 ./Core/Startup/startup_stm32f103c6tx.o
 .debug_ranges  0x0000000000000188       0xd0 ./Drivers/STM32F1xx_HAL_Driver/Src/stm32f1xx_hal.o
 .debug_ranges  0x0000000000000258       0xf0 ./Drivers/STM32F1xx_HAL_Driver/Src/stm32f1xx_hal_cortex.o
 .debug_ranges  0x0000000000000348       0x48 ./Drivers/STM32F1xx_HAL_Driver/Src/stm32f1xx_hal_gpio.o
 .debug_ranges  0x0000000000000390       0x80 ./Drivers/STM32F1xx_HAL_Driver/Src/stm32f1xx_hal_rcc.o
 .debug_ranges  0x0000000000000410      0x3c0 ./Drivers/STM32F1xx_HAL_Driver/Src/stm32f1xx_hal_tim.o
 .debug_ranges  0x00000000000007d0      0x158 ./Drivers/STM32F1xx_HAL_Driver/Src/stm32f1xx_hal_tim_ex.o

.debug_macro    0x0000000000000000    0x16f3b
 .debug_macro   0x0000000000000000      0x1f6 ./Core/Src/7SEG.o
 .debug_macro   0x00000000000001f6      0xa6c ./Core/Src/7SEG.o
 .debug_macro   0x0000000000000c62      0x215 ./Core/Src/7SEG.o
 .debug_macro   0x0000000000000e77       0x2e ./Core/Src/7SEG.o
 .debug_macro   0x0000000000000ea5       0x22 ./Core/Src/7SEG.o
 .debug_macro   0x0000000000000ec7       0x22 ./Core/Src/7SEG.o
 .debug_macro   0x0000000000000ee9       0x8e ./Core/Src/7SEG.o
 .debug_macro   0x0000000000000f77       0x51 ./Core/Src/7SEG.o
 .debug_macro   0x0000000000000fc8      0x103 ./Core/Src/7SEG.o
 .debug_macro   0x00000000000010cb       0x6a ./Core/Src/7SEG.o
 .debug_macro   0x0000000000001135      0x1df ./Core/Src/7SEG.o
 .debug_macro   0x0000000000001314       0x1c ./Core/Src/7SEG.o
 .debug_macro   0x0000000000001330       0x22 ./Core/Src/7SEG.o
 .debug_macro   0x0000000000001352       0xbd ./Core/Src/7SEG.o
 .debug_macro   0x000000000000140f      0xd23 ./Core/Src/7SEG.o
 .debug_macro   0x0000000000002132     0xde75 ./Core/Src/7SEG.o
 .debug_macro   0x000000000000ffa7       0x6d ./Core/Src/7SEG.o
 .debug_macro   0x0000000000010014     0x3468 ./Core/Src/7SEG.o
 .debug_macro   0x000000000001347c      0x174 ./Core/Src/7SEG.o
 .debug_macro   0x00000000000135f0       0x5c ./Core/Src/7SEG.o
 .debug_macro   0x000000000001364c      0x5be ./Core/Src/7SEG.o
 .debug_macro   0x0000000000013c0a      0x1b7 ./Core/Src/7SEG.o
 .debug_macro   0x0000000000013dc1      0x1cb ./Core/Src/7SEG.o
 .debug_macro   0x0000000000013f8c      0x114 ./Core/Src/7SEG.o
 .debug_macro   0x00000000000140a0      0x1b2 ./Core/Src/7SEG.o
 .debug_macro   0x0000000000014252       0x27 ./Core/Src/7SEG.o
 .debug_macro   0x0000000000014279      0x12f ./Core/Src/7SEG.o
 .debug_macro   0x00000000000143a8      0x1bc ./Core/Src/7SEG.o
 .debug_macro   0x0000000000014564       0x34 ./Core/Src/7SEG.o
 .debug_macro   0x0000000000014598       0x3c ./Core/Src/7SEG.o
 .debug_macro   0x00000000000145d4       0x57 ./Core/Src/7SEG.o
 .debug_macro   0x000000000001462b       0x88 ./Core/Src/7SEG.o
 .debug_macro   0x00000000000146b3      0x183 ./Core/Src/7SEG.o
 .debug_macro   0x0000000000014836      0x141 ./Core/Src/7SEG.o
 .debug_macro   0x0000000000014977      0x8d1 ./Core/Src/7SEG.o
 .debug_macro   0x0000000000015248       0x69 ./Core/Src/7SEG.o
 .debug_macro   0x00000000000152b1      0x154 ./Core/Src/7SEG.o
 .debug_macro   0x0000000000015405       0x34 ./Core/Src/7SEG.o
 .debug_macro   0x0000000000015439      0x1f6 ./Core/Src/fsm_trafficlights.o
 .debug_macro   0x000000000001562f      0x1f6 ./Core/Src/global.o
 .debug_macro   0x0000000000015825      0x1f6 ./Core/Src/input_processing.o
 .debug_macro   0x0000000000015a1b      0x20e ./Core/Src/input_reading.o
 .debug_macro   0x0000000000015c29      0x1fa ./Core/Src/main.o
 .debug_macro   0x0000000000015e23      0x1f6 ./Core/Src/software_timer.o
 .debug_macro   0x0000000000016019      0x1a7 ./Core/Src/stm32f1xx_hal_msp.o
 .debug_macro   0x00000000000161c0      0x1b1 ./Core/Src/stm32f1xx_it.o
 .debug_macro   0x0000000000016371      0x198 ./Core/Src/system_stm32f1xx.o
 .debug_macro   0x0000000000016509      0x1bc ./Drivers/STM32F1xx_HAL_Driver/Src/stm32f1xx_hal.o
 .debug_macro   0x00000000000166c5      0x198 ./Drivers/STM32F1xx_HAL_Driver/Src/stm32f1xx_hal_cortex.o
 .debug_macro   0x000000000001685d      0x203 ./Drivers/STM32F1xx_HAL_Driver/Src/stm32f1xx_hal_gpio.o
 .debug_macro   0x0000000000016a60      0x1aa ./Drivers/STM32F1xx_HAL_Driver/Src/stm32f1xx_hal_rcc.o
 .debug_macro   0x0000000000016c0a      0x199 ./Drivers/STM32F1xx_HAL_Driver/Src/stm32f1xx_hal_tim.o
 .debug_macro   0x0000000000016da3      0x198 ./Drivers/STM32F1xx_HAL_Driver/Src/stm32f1xx_hal_tim_ex.o

.debug_line     0x0000000000000000     0xbf0e
 .debug_line    0x0000000000000000      0x758 ./Core/Src/7SEG.o
 .debug_line    0x0000000000000758      0x79d ./Core/Src/fsm_trafficlights.o
 .debug_line    0x0000000000000ef5      0x6bc ./Core/Src/global.o
 .debug_line    0x00000000000015b1      0x83d ./Core/Src/input_processing.o
 .debug_line    0x0000000000001dee      0x789 ./Core/Src/input_reading.o
 .debug_line    0x0000000000002577      0x7f4 ./Core/Src/main.o
 .debug_line    0x0000000000002d6b      0x784 ./Core/Src/software_timer.o
 .debug_line    0x00000000000034ef      0x694 ./Core/Src/stm32f1xx_hal_msp.o
 .debug_line    0x0000000000003b83      0x734 ./Core/Src/stm32f1xx_it.o
 .debug_line    0x00000000000042b7      0x6d8 ./Core/Src/system_stm32f1xx.o
 .debug_line    0x000000000000498f       0x87 ./Core/Startup/startup_stm32f103c6tx.o
 .debug_line    0x0000000000004a16      0x905 ./Drivers/STM32F1xx_HAL_Driver/Src/stm32f1xx_hal.o
 .debug_line    0x000000000000531b      0xaed ./Drivers/STM32F1xx_HAL_Driver/Src/stm32f1xx_hal_cortex.o
 .debug_line    0x0000000000005e08      0x987 ./Drivers/STM32F1xx_HAL_Driver/Src/stm32f1xx_hal_gpio.o
 .debug_line    0x000000000000678f      0xd13 ./Drivers/STM32F1xx_HAL_Driver/Src/stm32f1xx_hal_rcc.o
 .debug_line    0x00000000000074a2     0x3271 ./Drivers/STM32F1xx_HAL_Driver/Src/stm32f1xx_hal_tim.o
 .debug_line    0x000000000000a713     0x17fb ./Drivers/STM32F1xx_HAL_Driver/Src/stm32f1xx_hal_tim_ex.o

.debug_str      0x0000000000000000    0x82300
 .debug_str     0x0000000000000000    0x7f5c0 ./Core/Src/7SEG.o
                                      0x7f909 (size before relaxing)
 .debug_str     0x000000000007f5c0       0xc5 ./Core/Src/fsm_trafficlights.o
                                      0x7f996 (size before relaxing)
 .debug_str     0x000000000007f685       0x58 ./Core/Src/global.o
                                      0x7f8c6 (size before relaxing)
 .debug_str     0x000000000007f6dd       0xd3 ./Core/Src/input_processing.o
                                      0x7f907 (size before relaxing)
 .debug_str     0x000000000007f7b0      0x128 ./Core/Src/input_reading.o
                                      0x7f9f5 (size before relaxing)
 .debug_str     0x000000000007f8d8      0x773 ./Core/Src/main.o
                                      0x80122 (size before relaxing)
 .debug_str     0x000000000008004b       0x82 ./Core/Src/software_timer.o
                                      0x7fdd2 (size before relaxing)
 .debug_str     0x00000000000800cd      0x2d2 ./Core/Src/stm32f1xx_hal_msp.o
                                      0x7ff9b (size before relaxing)
 .debug_str     0x000000000008039f       0xec ./Core/Src/stm32f1xx_it.o
                                      0x7fd04 (size before relaxing)
 .debug_str     0x000000000008048b       0x7e ./Core/Src/system_stm32f1xx.o
                                      0x7f379 (size before relaxing)
 .debug_str     0x0000000000080509       0x36 ./Core/Startup/startup_stm32f103c6tx.o
                                         0x77 (size before relaxing)
 .debug_str     0x000000000008053f      0x38e ./Drivers/STM32F1xx_HAL_Driver/Src/stm32f1xx_hal.o
                                      0x7fa72 (size before relaxing)
 .debug_str     0x00000000000808cd      0x29e ./Drivers/STM32F1xx_HAL_Driver/Src/stm32f1xx_hal_cortex.o
                                      0x7f9be (size before relaxing)
 .debug_str     0x0000000000080b6b      0x309 ./Drivers/STM32F1xx_HAL_Driver/Src/stm32f1xx_hal_gpio.o
                                      0x7f6ff (size before relaxing)
 .debug_str     0x0000000000080e74      0x229 ./Drivers/STM32F1xx_HAL_Driver/Src/stm32f1xx_hal_rcc.o
                                      0x7f7a8 (size before relaxing)
 .debug_str     0x000000000008109d      0xdd0 ./Drivers/STM32F1xx_HAL_Driver/Src/stm32f1xx_hal_tim.o
                                      0x80793 (size before relaxing)
 .debug_str     0x0000000000081e6d      0x493 ./Drivers/STM32F1xx_HAL_Driver/Src/stm32f1xx_hal_tim_ex.o
                                      0x7ffaf (size before relaxing)

.comment        0x0000000000000000       0x50
 .comment       0x0000000000000000       0x50 ./Core/Src/7SEG.o
                                         0x51 (size before relaxing)
 .comment       0x0000000000000050       0x51 ./Core/Src/fsm_trafficlights.o
 .comment       0x0000000000000050       0x51 ./Core/Src/global.o
 .comment       0x0000000000000050       0x51 ./Core/Src/input_processing.o
 .comment       0x0000000000000050       0x51 ./Core/Src/input_reading.o
 .comment       0x0000000000000050       0x51 ./Core/Src/main.o
 .comment       0x0000000000000050       0x51 ./Core/Src/software_timer.o
 .comment       0x0000000000000050       0x51 ./Core/Src/stm32f1xx_hal_msp.o
 .comment       0x0000000000000050       0x51 ./Core/Src/stm32f1xx_it.o
 .comment       0x0000000000000050       0x51 ./Core/Src/system_stm32f1xx.o
 .comment       0x0000000000000050       0x51 ./Drivers/STM32F1xx_HAL_Driver/Src/stm32f1xx_hal.o
 .comment       0x0000000000000050       0x51 ./Drivers/STM32F1xx_HAL_Driver/Src/stm32f1xx_hal_cortex.o
 .comment       0x0000000000000050       0x51 ./Drivers/STM32F1xx_HAL_Driver/Src/stm32f1xx_hal_gpio.o
 .comment       0x0000000000000050       0x51 ./Drivers/STM32F1xx_HAL_Driver/Src/stm32f1xx_hal_rcc.o
 .comment       0x0000000000000050       0x51 ./Drivers/STM32F1xx_HAL_Driver/Src/stm32f1xx_hal_tim.o
 .comment       0x0000000000000050       0x51 ./Drivers/STM32F1xx_HAL_Driver/Src/stm32f1xx_hal_tim_ex.o

.debug_frame    0x0000000000000000     0x282c
 .debug_frame   0x0000000000000000       0xa0 ./Core/Src/7SEG.o
 .debug_frame   0x00000000000000a0       0x48 ./Core/Src/fsm_trafficlights.o
 .debug_frame   0x00000000000000e8       0x48 ./Core/Src/input_processing.o
 .debug_frame   0x0000000000000130       0x88 ./Core/Src/input_reading.o
 .debug_frame   0x00000000000001b8       0xb0 ./Core/Src/main.o
 .debug_frame   0x0000000000000268       0xcc ./Core/Src/software_timer.o
 .debug_frame   0x0000000000000334       0x80 ./Core/Src/stm32f1xx_hal_msp.o
 .debug_frame   0x00000000000003b4      0x120 ./Core/Src/stm32f1xx_it.o
 .debug_frame   0x00000000000004d4       0x58 ./Core/Src/system_stm32f1xx.o
 .debug_frame   0x000000000000052c      0x334 ./Drivers/STM32F1xx_HAL_Driver/Src/stm32f1xx_hal.o
 .debug_frame   0x0000000000000860      0x428 ./Drivers/STM32F1xx_HAL_Driver/Src/stm32f1xx_hal_cortex.o
 .debug_frame   0x0000000000000c88      0x14c ./Drivers/STM32F1xx_HAL_Driver/Src/stm32f1xx_hal_gpio.o
 .debug_frame   0x0000000000000dd4      0x21c ./Drivers/STM32F1xx_HAL_Driver/Src/stm32f1xx_hal_rcc.o
 .debug_frame   0x0000000000000ff0     0x11b8 ./Drivers/STM32F1xx_HAL_Driver/Src/stm32f1xx_hal_tim.o
 .debug_frame   0x00000000000021a8      0x638 ./Drivers/STM32F1xx_HAL_Driver/Src/stm32f1xx_hal_tim_ex.o
 .debug_frame   0x00000000000027e0       0x2c c:/st/stm32cubeide_1.10.1/stm32cubeide/plugins/com.st.stm32cube.ide.mcu.externaltools.gnu-tools-for-stm32.10.3-2021.10.win32_1.0.0.202111181127/tools/bin/../lib/gcc/arm-none-eabi/10.3.1/../../../../arm-none-eabi/lib/thumb/v7-m/nofp\libc_nano.a(lib_a-init.o)
 .debug_frame   0x000000000000280c       0x20 c:/st/stm32cubeide_1.10.1/stm32cubeide/plugins/com.st.stm32cube.ide.mcu.externaltools.gnu-tools-for-stm32.10.3-2021.10.win32_1.0.0.202111181127/tools/bin/../lib/gcc/arm-none-eabi/10.3.1/../../../../arm-none-eabi/lib/thumb/v7-m/nofp\libc_nano.a(lib_a-memset.o)
